Turbo Assembler	 Version 3.1	    08/11/16 13:51:16	    Page 1
1.ASM



      1				     ; Пример 1.1. Простейшая программа
      2	0000			     text    segment 'code'		     ;(1) начало сегмента команд
      3					     assume CS:	text, DS: text	     ;(2) сегментные регистры CS и DS
      4									     ;	  будут	указывать на сегмент команд
      5	0000  B8 0000s		     begin:  mov AX, text		     ;(3) адрес	сегмента команд	загрузим
      6	0003  8E D8			     mov DS, AX			     ;(4) сначала в AX,	затем в	DS
      7	0005  B4 09			     mov AH, 09h		     ;(5) функция DOS 9h вывода	на экран
      8	0007  BA 0012r			     mov DX, offset message	     ;(б) адрес	выводимого сообщения
      9	000A  CD 21			     int 21h			     ;(7) вызов	DOS
     10	000C  B4 4C			     mov AH, 4Ch		     ;(8) функция 4Ch завершения программы
     11	000E  B0 00			     mov AL, 00h		     ;(9) код 0	успешного завершения
     12	0010  CD 21			     int 21h			     ;(10) вызов DOS
     13	0012  48 65 6C 6C 6F 20	77+  message db	'Hello world'	;(11) выводимый	текст
     14	      6F 72 6C 64
     15	001D			     text    ends			     ;(12) конец сегмента команд
     16					     end begin			     ;(13) конец текста	с точкой входа
